Archive member included because of file (symbol)

c:/program files/gnu tools arm embedded/4.7 2013q2/bin/../lib/gcc/arm-none-eabi/4.7.4/armv6-m\libgcc.a(_udivsi3.o)
                              ..\obj\stm32f0xx_rcc.o (__aeabi_uidiv)
c:/program files/gnu tools arm embedded/4.7 2013q2/bin/../lib/gcc/arm-none-eabi/4.7.4/armv6-m\libgcc.a(_dvmd_tls.o)
                              c:/program files/gnu tools arm embedded/4.7 2013q2/bin/../lib/gcc/arm-none-eabi/4.7.4/armv6-m\libgcc.a(_udivsi3.o) (__aeabi_idiv0)
c:/program files/gnu tools arm embedded/4.7 2013q2/bin/../lib/gcc/arm-none-eabi/4.7.4/../../../../arm-none-eabi/lib/armv6-m\libg.a(lib_a-strcpy.o)
                              ..\obj\cc2500.o (strcpy)
c:/program files/gnu tools arm embedded/4.7 2013q2/bin/../lib/gcc/arm-none-eabi/4.7.4/../../../../arm-none-eabi/lib/armv6-m\libg.a(lib_a-strncmp.o)
                              ..\obj\cc2500.o (strncmp)

Allocating common symbols
Common symbol       size              file

take_action         0x1               ..\obj\cc2500.o
request_received    0x1               ..\obj\cc2500.o
response_aray       0x64              ..\obj\cc2500.o

Discarded input sections

 .text          0x00000000        0x0 ..\obj\cc2500.o
 .bss           0x00000000        0x0 ..\obj\cc2500.o
 .text.TxData   0x00000000       0xb4 ..\obj\cc2500.o
 .text          0x00000000        0x0 ..\obj\stm32f0xx_rcc.o
 .data          0x00000000       0x10 ..\obj\stm32f0xx_rcc.o
 .bss           0x00000000        0x0 ..\obj\stm32f0xx_rcc.o
 .text.RCC_DeInit
                0x00000000       0x88 ..\obj\stm32f0xx_rcc.o
 .text.RCC_HSEConfig
                0x00000000       0x24 ..\obj\stm32f0xx_rcc.o
 .text.RCC_WaitForHSEStartUp
                0x00000000       0x60 ..\obj\stm32f0xx_rcc.o
 .text.RCC_AdjustHSICalibrationValue
                0x00000000       0x3c ..\obj\stm32f0xx_rcc.o
 .text.RCC_HSICmd
                0x00000000       0x38 ..\obj\stm32f0xx_rcc.o
 .text.RCC_AdjustHSI14CalibrationValue
                0x00000000       0x3c ..\obj\stm32f0xx_rcc.o
 .text.RCC_HSI14Cmd
                0x00000000       0x38 ..\obj\stm32f0xx_rcc.o
 .text.RCC_HSI14ADCRequestCmd
                0x00000000       0x38 ..\obj\stm32f0xx_rcc.o
 .text.RCC_LSEConfig
                0x00000000       0x38 ..\obj\stm32f0xx_rcc.o
 .text.RCC_LSEDriveConfig
                0x00000000       0x2c ..\obj\stm32f0xx_rcc.o
 .text.RCC_LSICmd
                0x00000000       0x38 ..\obj\stm32f0xx_rcc.o
 .text.RCC_PLLConfig
                0x00000000       0x34 ..\obj\stm32f0xx_rcc.o
 .text.RCC_PLLCmd
                0x00000000       0x40 ..\obj\stm32f0xx_rcc.o
 .text.RCC_PREDIV1Config
                0x00000000       0x34 ..\obj\stm32f0xx_rcc.o
 .text.RCC_ClockSecuritySystemCmd
                0x00000000       0x40 ..\obj\stm32f0xx_rcc.o
 .text.RCC_MCOConfig
                0x00000000       0x20 ..\obj\stm32f0xx_rcc.o
 .text.RCC_SYSCLKConfig
                0x00000000       0x34 ..\obj\stm32f0xx_rcc.o
 .text.RCC_GetSYSCLKSource
                0x00000000       0x1c ..\obj\stm32f0xx_rcc.o
 .text.RCC_HCLKConfig
                0x00000000       0x34 ..\obj\stm32f0xx_rcc.o
 .text.RCC_PCLKConfig
                0x00000000       0x38 ..\obj\stm32f0xx_rcc.o
 .text.RCC_ADCCLKConfig
                0x00000000       0x50 ..\obj\stm32f0xx_rcc.o
 .text.RCC_CECCLKConfig
                0x00000000       0x2c ..\obj\stm32f0xx_rcc.o
 .text.RCC_I2CCLKConfig
                0x00000000       0x2c ..\obj\stm32f0xx_rcc.o
 .text.RCC_USARTCLKConfig
                0x00000000       0x2c ..\obj\stm32f0xx_rcc.o
 .text.RCC_GetClocksFreq
                0x00000000      0x1cc ..\obj\stm32f0xx_rcc.o
 .text.RCC_RTCCLKConfig
                0x00000000       0x20 ..\obj\stm32f0xx_rcc.o
 .text.RCC_RTCCLKCmd
                0x00000000       0x40 ..\obj\stm32f0xx_rcc.o
 .text.RCC_BackupResetCmd
                0x00000000       0x40 ..\obj\stm32f0xx_rcc.o
 .text.RCC_APB1PeriphClockCmd
                0x00000000       0x3c ..\obj\stm32f0xx_rcc.o
 .text.RCC_AHBPeriphResetCmd
                0x00000000       0x3c ..\obj\stm32f0xx_rcc.o
 .text.RCC_ITConfig
                0x00000000       0x50 ..\obj\stm32f0xx_rcc.o
 .text.RCC_GetFlagStatus
                0x00000000       0x90 ..\obj\stm32f0xx_rcc.o
 .text.RCC_ClearFlag
                0x00000000       0x1c ..\obj\stm32f0xx_rcc.o
 .text.RCC_GetITStatus
                0x00000000       0x44 ..\obj\stm32f0xx_rcc.o
 .text.RCC_ClearITPendingBit
                0x00000000       0x20 ..\obj\stm32f0xx_rcc.o
 .text          0x00000000       0x14 ..\obj\startup_stm32f0xx.o
 .data          0x00000000        0x0 ..\obj\startup_stm32f0xx.o
 .bss           0x00000000        0x0 ..\obj\startup_stm32f0xx.o
 .text          0x00000000        0x0 ..\obj\stm32f0xx_spi.o
 .data          0x00000000        0x0 ..\obj\stm32f0xx_spi.o
 .bss           0x00000000        0x0 ..\obj\stm32f0xx_spi.o
 .text.SPI_StructInit
                0x00000000       0x48 ..\obj\stm32f0xx_spi.o
 .text.I2S_StructInit
                0x00000000       0x34 ..\obj\stm32f0xx_spi.o
 .text.I2S_Init
                0x00000000      0x1c0 ..\obj\stm32f0xx_spi.o
 .text.SPI_TIModeCmd
                0x00000000       0x40 ..\obj\stm32f0xx_spi.o
 .text.I2S_Cmd  0x00000000       0x44 ..\obj\stm32f0xx_spi.o
 .text.SPI_DataSizeConfig
                0x00000000       0x58 ..\obj\stm32f0xx_spi.o
 .text.SPI_RxFIFOThresholdConfig
                0x00000000       0x3c ..\obj\stm32f0xx_spi.o
 .text.SPI_BiDirectionalLineConfig
                0x00000000       0x48 ..\obj\stm32f0xx_spi.o
 .text.SPI_NSSInternalSoftwareConfig
                0x00000000       0x4c ..\obj\stm32f0xx_spi.o
 .text.SPI_SSOutputCmd
                0x00000000       0x40 ..\obj\stm32f0xx_spi.o
 .text.SPI_NSSPulseModeCmd
                0x00000000       0x40 ..\obj\stm32f0xx_spi.o
 .text.SPI_I2S_SendData16
                0x00000000       0x1c ..\obj\stm32f0xx_spi.o
 .text.SPI_I2S_ReceiveData16
                0x00000000       0x18 ..\obj\stm32f0xx_spi.o
 .text.SPI_CRCLengthConfig
                0x00000000       0x3c ..\obj\stm32f0xx_spi.o
 .text.SPI_CalculateCRC
                0x00000000       0x44 ..\obj\stm32f0xx_spi.o
 .text.SPI_TransmitCRC
                0x00000000       0x20 ..\obj\stm32f0xx_spi.o
 .text.SPI_GetCRC
                0x00000000       0x44 ..\obj\stm32f0xx_spi.o
 .text.SPI_GetCRCPolynomial
                0x00000000       0x18 ..\obj\stm32f0xx_spi.o
 .text.SPI_I2S_DMACmd
                0x00000000       0x48 ..\obj\stm32f0xx_spi.o
 .text.SPI_LastDMATransferCmd
                0x00000000       0x3c ..\obj\stm32f0xx_spi.o
 .text.SPI_I2S_ITConfig
                0x00000000       0x7c ..\obj\stm32f0xx_spi.o
 .text.SPI_GetTransmissionFIFOStatus
                0x00000000       0x20 ..\obj\stm32f0xx_spi.o
 .text.SPI_GetReceptionFIFOStatus
                0x00000000       0x20 ..\obj\stm32f0xx_spi.o
 .text.SPI_I2S_GetFlagStatus
                0x00000000       0x48 ..\obj\stm32f0xx_spi.o
 .text.SPI_I2S_ClearFlag
                0x00000000       0x20 ..\obj\stm32f0xx_spi.o
 .text.SPI_I2S_GetITStatus
                0x00000000       0xb0 ..\obj\stm32f0xx_spi.o
 .text          0x00000000        0x0 ..\obj\stm32f0xx_gpio.o
 .data          0x00000000        0x0 ..\obj\stm32f0xx_gpio.o
 .bss           0x00000000        0x0 ..\obj\stm32f0xx_gpio.o
 .text.GPIO_DeInit
                0x00000000       0xc8 ..\obj\stm32f0xx_gpio.o
 .text.GPIO_StructInit
                0x00000000       0x30 ..\obj\stm32f0xx_gpio.o
 .text.GPIO_PinLockConfig
                0x00000000       0x44 ..\obj\stm32f0xx_gpio.o
 .text.GPIO_ReadInputDataBit
                0x00000000       0x48 ..\obj\stm32f0xx_gpio.o
 .text.GPIO_ReadInputData
                0x00000000       0x18 ..\obj\stm32f0xx_gpio.o
 .text.GPIO_ReadOutputDataBit
                0x00000000       0x48 ..\obj\stm32f0xx_gpio.o
 .text.GPIO_ReadOutputData
                0x00000000       0x18 ..\obj\stm32f0xx_gpio.o
 .text.GPIO_SetBits
                0x00000000       0x1c ..\obj\stm32f0xx_gpio.o
 .text.GPIO_ResetBits
                0x00000000       0x1c ..\obj\stm32f0xx_gpio.o
 .text.GPIO_WriteBit
                0x00000000       0x30 ..\obj\stm32f0xx_gpio.o
 .text.GPIO_Write
                0x00000000       0x1c ..\obj\stm32f0xx_gpio.o
 .text          0x00000000        0x0 ..\obj\smart_home.o
 .data          0x00000000        0x0 ..\obj\smart_home.o
 .bss           0x00000000        0x0 ..\obj\smart_home.o
 .text          0x00000000        0x0 ..\obj\stm32f0xx_tim.o
 .data          0x00000000        0x0 ..\obj\stm32f0xx_tim.o
 .bss           0x00000000        0x0 ..\obj\stm32f0xx_tim.o
 .text.TIM_DeInit
                0x00000000      0x124 ..\obj\stm32f0xx_tim.o
 .text.TIM_TimeBaseInit
                0x00000000       0xf0 ..\obj\stm32f0xx_tim.o
 .text.TIM_TimeBaseStructInit
                0x00000000       0x30 ..\obj\stm32f0xx_tim.o
 .text.TIM_PrescalerConfig
                0x00000000       0x28 ..\obj\stm32f0xx_tim.o
 .text.TIM_CounterModeConfig
                0x00000000       0x54 ..\obj\stm32f0xx_tim.o
 .text.TIM_SetCounter
                0x00000000       0x18 ..\obj\stm32f0xx_tim.o
 .text.TIM_SetAutoreload
                0x00000000       0x18 ..\obj\stm32f0xx_tim.o
 .text.TIM_GetCounter
                0x00000000       0x14 ..\obj\stm32f0xx_tim.o
 .text.TIM_GetPrescaler
                0x00000000       0x18 ..\obj\stm32f0xx_tim.o
 .text.TIM_UpdateDisableConfig
                0x00000000       0x40 ..\obj\stm32f0xx_tim.o
 .text.TIM_UpdateRequestConfig
                0x00000000       0x40 ..\obj\stm32f0xx_tim.o
 .text.TIM_ARRPreloadConfig
                0x00000000       0x40 ..\obj\stm32f0xx_tim.o
 .text.TIM_SelectOnePulseMode
                0x00000000       0x38 ..\obj\stm32f0xx_tim.o
 .text.TIM_SetClockDivision
                0x00000000       0x3c ..\obj\stm32f0xx_tim.o
 .text.TIM_Cmd  0x00000000       0x40 ..\obj\stm32f0xx_tim.o
 .text.TIM_BDTRConfig
                0x00000000       0x4c ..\obj\stm32f0xx_tim.o
 .text.TIM_BDTRStructInit
                0x00000000       0x38 ..\obj\stm32f0xx_tim.o
 .text.TIM_CtrlPWMOutputs
                0x00000000       0x4c ..\obj\stm32f0xx_tim.o
 .text.TIM_OC1Init
                0x00000000      0x1a4 ..\obj\stm32f0xx_tim.o
 .text.TIM_OC2Init
                0x00000000      0x1a4 ..\obj\stm32f0xx_tim.o
 .text.TIM_OC3Init
                0x00000000      0x1a8 ..\obj\stm32f0xx_tim.o
 .text.TIM_OC4Init
                0x00000000      0x134 ..\obj\stm32f0xx_tim.o
 .text.TIM_OCStructInit
                0x00000000       0x40 ..\obj\stm32f0xx_tim.o
 .text.TIM_SelectOCxM
                0x00000000       0xc0 ..\obj\stm32f0xx_tim.o
 .text.TIM_SetCompare1
                0x00000000       0x18 ..\obj\stm32f0xx_tim.o
 .text.TIM_SetCompare2
                0x00000000       0x18 ..\obj\stm32f0xx_tim.o
 .text.TIM_SetCompare3
                0x00000000       0x18 ..\obj\stm32f0xx_tim.o
 .text.TIM_SetCompare4
                0x00000000       0x18 ..\obj\stm32f0xx_tim.o
 .text.TIM_ForcedOC1Config
                0x00000000       0x54 ..\obj\stm32f0xx_tim.o
 .text.TIM_ForcedOC2Config
                0x00000000       0x5c ..\obj\stm32f0xx_tim.o
 .text.TIM_ForcedOC3Config
                0x00000000       0x54 ..\obj\stm32f0xx_tim.o
 .text.TIM_ForcedOC4Config
                0x00000000       0x5c ..\obj\stm32f0xx_tim.o
 .text.TIM_CCPreloadControl
                0x00000000       0x40 ..\obj\stm32f0xx_tim.o
 .text.TIM_OC1PreloadConfig
                0x00000000       0x54 ..\obj\stm32f0xx_tim.o
 .text.TIM_OC2PreloadConfig
                0x00000000       0x5c ..\obj\stm32f0xx_tim.o
 .text.TIM_OC3PreloadConfig
                0x00000000       0x54 ..\obj\stm32f0xx_tim.o
 .text.TIM_OC4PreloadConfig
                0x00000000       0x5c ..\obj\stm32f0xx_tim.o
 .text.TIM_OC1FastConfig
                0x00000000       0x54 ..\obj\stm32f0xx_tim.o
 .text.TIM_OC2FastConfig
                0x00000000       0x5c ..\obj\stm32f0xx_tim.o
 .text.TIM_OC3FastConfig
                0x00000000       0x54 ..\obj\stm32f0xx_tim.o
 .text.TIM_OC4FastConfig
                0x00000000       0x5c ..\obj\stm32f0xx_tim.o
 .text.TIM_ClearOC1Ref
                0x00000000       0x54 ..\obj\stm32f0xx_tim.o
 .text.TIM_ClearOC2Ref
                0x00000000       0x58 ..\obj\stm32f0xx_tim.o
 .text.TIM_ClearOC3Ref
                0x00000000       0x54 ..\obj\stm32f0xx_tim.o
 .text.TIM_ClearOC4Ref
                0x00000000       0x58 ..\obj\stm32f0xx_tim.o
 .text.TIM_OC1PolarityConfig
                0x00000000       0x54 ..\obj\stm32f0xx_tim.o
 .text.TIM_OC1NPolarityConfig
                0x00000000       0x54 ..\obj\stm32f0xx_tim.o
 .text.TIM_OC2PolarityConfig
                0x00000000       0x58 ..\obj\stm32f0xx_tim.o
 .text.TIM_OC2NPolarityConfig
                0x00000000       0x58 ..\obj\stm32f0xx_tim.o
 .text.TIM_OC3PolarityConfig
                0x00000000       0x5c ..\obj\stm32f0xx_tim.o
 .text.TIM_OC3NPolarityConfig
                0x00000000       0x5c ..\obj\stm32f0xx_tim.o
 .text.TIM_OC4PolarityConfig
                0x00000000       0x5c ..\obj\stm32f0xx_tim.o
 .text.TIM_SelectOCREFClear
                0x00000000       0x38 ..\obj\stm32f0xx_tim.o
 .text.TIM_CCxCmd
                0x00000000       0x64 ..\obj\stm32f0xx_tim.o
 .text.TIM_CCxNCmd
                0x00000000       0x64 ..\obj\stm32f0xx_tim.o
 .text.TIM_SelectCOM
                0x00000000       0x40 ..\obj\stm32f0xx_tim.o
 .text.TIM_ICInit
                0x00000000       0xb0 ..\obj\stm32f0xx_tim.o
 .text.TIM_ICStructInit
                0x00000000       0x2c ..\obj\stm32f0xx_tim.o
 .text.TIM_PWMIConfig
                0x00000000       0xe8 ..\obj\stm32f0xx_tim.o
 .text.TIM_GetCapture1
                0x00000000       0x14 ..\obj\stm32f0xx_tim.o
 .text.TIM_GetCapture2
                0x00000000       0x14 ..\obj\stm32f0xx_tim.o
 .text.TIM_GetCapture3
                0x00000000       0x14 ..\obj\stm32f0xx_tim.o
 .text.TIM_GetCapture4
                0x00000000       0x14 ..\obj\stm32f0xx_tim.o
 .text.TIM_SetIC1Prescaler
                0x00000000       0x38 ..\obj\stm32f0xx_tim.o
 .text.TIM_SetIC2Prescaler
                0x00000000       0x40 ..\obj\stm32f0xx_tim.o
 .text.TIM_SetIC3Prescaler
                0x00000000       0x38 ..\obj\stm32f0xx_tim.o
 .text.TIM_SetIC4Prescaler
                0x00000000       0x40 ..\obj\stm32f0xx_tim.o
 .text.TIM_ITConfig
                0x00000000       0x48 ..\obj\stm32f0xx_tim.o
 .text.TIM_GenerateEvent
                0x00000000       0x1c ..\obj\stm32f0xx_tim.o
 .text.TIM_GetFlagStatus
                0x00000000       0x48 ..\obj\stm32f0xx_tim.o
 .text.TIM_ClearFlag
                0x00000000       0x20 ..\obj\stm32f0xx_tim.o
 .text.TIM_GetITStatus
                0x00000000       0x80 ..\obj\stm32f0xx_tim.o
 .text.TIM_ClearITPendingBit
                0x00000000       0x20 ..\obj\stm32f0xx_tim.o
 .text.TIM_DMAConfig
                0x00000000       0x28 ..\obj\stm32f0xx_tim.o
 .text.TIM_DMACmd
                0x00000000       0x48 ..\obj\stm32f0xx_tim.o
 .text.TIM_SelectCCDMA
                0x00000000       0x40 ..\obj\stm32f0xx_tim.o
 .text.TIM_InternalClockConfig
                0x00000000       0x20 ..\obj\stm32f0xx_tim.o
 .text.TIM_ITRxExternalClockConfig
                0x00000000       0x34 ..\obj\stm32f0xx_tim.o
 .text.TIM_TIxExternalClockConfig
                0x00000000       0x7c ..\obj\stm32f0xx_tim.o
 .text.TIM_ETRClockMode1Config
                0x00000000       0x98 ..\obj\stm32f0xx_tim.o
 .text.TIM_ETRClockMode2Config
                0x00000000       0x4c ..\obj\stm32f0xx_tim.o
 .text.TIM_SelectInputTrigger
                0x00000000       0x54 ..\obj\stm32f0xx_tim.o
 .text.TIM_SelectOutputTrigger
                0x00000000       0x38 ..\obj\stm32f0xx_tim.o
 .text.TIM_SelectSlaveMode
                0x00000000       0x38 ..\obj\stm32f0xx_tim.o
 .text.TIM_SelectMasterSlaveMode
                0x00000000       0x38 ..\obj\stm32f0xx_tim.o
 .text.TIM_ETRConfig
                0x00000000       0x7c ..\obj\stm32f0xx_tim.o
 .text.TIM_EncoderInterfaceConfig
                0x00000000       0xf4 ..\obj\stm32f0xx_tim.o
 .text.TIM_SelectHallSensor
                0x00000000       0x40 ..\obj\stm32f0xx_tim.o
 .text.TIM_RemapConfig
                0x00000000       0x20 ..\obj\stm32f0xx_tim.o
 .text.TI1_Config
                0x00000000       0xc8 ..\obj\stm32f0xx_tim.o
 .text.TI2_Config
                0x00000000       0xf0 ..\obj\stm32f0xx_tim.o
 .text.TI3_Config
                0x00000000       0xe8 ..\obj\stm32f0xx_tim.o
 .text.TI4_Config
                0x00000000       0xf8 ..\obj\stm32f0xx_tim.o
 .debug_info    0x00000000     0x1e8c ..\obj\stm32f0xx_tim.o
 .debug_abbrev  0x00000000      0x1b7 ..\obj\stm32f0xx_tim.o
 .debug_loc     0x00000000     0x1458 ..\obj\stm32f0xx_tim.o
 .debug_aranges
                0x00000000      0x300 ..\obj\stm32f0xx_tim.o
 .debug_ranges  0x00000000      0x2f0 ..\obj\stm32f0xx_tim.o
 .debug_line    0x00000000      0x9db ..\obj\stm32f0xx_tim.o
 .debug_str     0x00000000      0xd85 ..\obj\stm32f0xx_tim.o
 .comment       0x00000000       0x71 ..\obj\stm32f0xx_tim.o
 .ARM.attributes
                0x00000000       0x31 ..\obj\stm32f0xx_tim.o
 .debug_frame   0x00000000      0xbb0 ..\obj\stm32f0xx_tim.o
 .text          0x00000000        0x0 ..\obj\system_stm32f0xx.o
 .data          0x00000000       0x14 ..\obj\system_stm32f0xx.o
 .bss           0x00000000        0x0 ..\obj\system_stm32f0xx.o
 .text.SystemCoreClockUpdate
                0x00000000       0xd0 ..\obj\system_stm32f0xx.o
 .text          0x00000000        0x0 ..\obj\stm32f0xx_flash.o
 .data          0x00000000        0x0 ..\obj\stm32f0xx_flash.o
 .bss           0x00000000        0x0 ..\obj\stm32f0xx_flash.o
 .text.FLASH_SetLatency
                0x00000000       0x34 ..\obj\stm32f0xx_flash.o
 .text.FLASH_PrefetchBufferCmd
                0x00000000       0x38 ..\obj\stm32f0xx_flash.o
 .text.FLASH_GetPrefetchBufferStatus
                0x00000000       0x34 ..\obj\stm32f0xx_flash.o
 .text.FLASH_Unlock
                0x00000000       0x2c ..\obj\stm32f0xx_flash.o
 .text.FLASH_Lock
                0x00000000       0x18 ..\obj\stm32f0xx_flash.o
 .text.FLASH_ErasePage
                0x00000000       0x7c ..\obj\stm32f0xx_flash.o
 .text.FLASH_EraseAllPages
                0x00000000       0x68 ..\obj\stm32f0xx_flash.o
 .text.FLASH_ProgramWord
                0x00000000       0xb0 ..\obj\stm32f0xx_flash.o
 .text.FLASH_ProgramHalfWord
                0x00000000       0x78 ..\obj\stm32f0xx_flash.o
 .text.FLASH_OB_Unlock
                0x00000000       0x2c ..\obj\stm32f0xx_flash.o
 .text.FLASH_OB_Lock
                0x00000000       0x1c ..\obj\stm32f0xx_flash.o
 .text.FLASH_OB_Launch
                0x00000000       0x1c ..\obj\stm32f0xx_flash.o
 .text.FLASH_OB_Erase
                0x00000000       0xd8 ..\obj\stm32f0xx_flash.o
 .text.FLASH_OB_EnableWRP
                0x00000000       0xf4 ..\obj\stm32f0xx_flash.o
 .text.FLASH_OB_RDPConfig
                0x00000000       0xdc ..\obj\stm32f0xx_flash.o
 .text.FLASH_OB_UserConfig
                0x00000000       0xa0 ..\obj\stm32f0xx_flash.o
 .text.FLASH_OB_BOOTConfig
                0x00000000       0x8c ..\obj\stm32f0xx_flash.o
 .text.FLASH_OB_VDDAConfig
                0x00000000       0x8c ..\obj\stm32f0xx_flash.o
 .text.FLASH_OB_SRAMParityConfig
                0x00000000       0x8c ..\obj\stm32f0xx_flash.o
 .text.FLASH_OB_WriteUser
                0x00000000       0x8c ..\obj\stm32f0xx_flash.o
 .text.FLASH_ProgramOptionByteData
                0x00000000       0x84 ..\obj\stm32f0xx_flash.o
 .text.FLASH_OB_GetUser
                0x00000000       0x18 ..\obj\stm32f0xx_flash.o
 .text.FLASH_OB_GetWRP
                0x00000000       0x14 ..\obj\stm32f0xx_flash.o
 .text.FLASH_OB_GetRDP
                0x00000000       0x38 ..\obj\stm32f0xx_flash.o
 .text.FLASH_ITConfig
                0x00000000       0x3c ..\obj\stm32f0xx_flash.o
 .text.FLASH_GetFlagStatus
                0x00000000       0x40 ..\obj\stm32f0xx_flash.o
 .text.FLASH_ClearFlag
                0x00000000       0x18 ..\obj\stm32f0xx_flash.o
 .text.FLASH_GetStatus
                0x00000000       0x58 ..\obj\stm32f0xx_flash.o
 .text.FLASH_WaitForLastOperation
                0x00000000       0x5c ..\obj\stm32f0xx_flash.o
 .debug_info    0x00000000      0x818 ..\obj\stm32f0xx_flash.o
 .debug_abbrev  0x00000000      0x1cc ..\obj\stm32f0xx_flash.o
 .debug_loc     0x00000000      0x604 ..\obj\stm32f0xx_flash.o
 .debug_aranges
                0x00000000      0x100 ..\obj\stm32f0xx_flash.o
 .debug_ranges  0x00000000       0xf0 ..\obj\stm32f0xx_flash.o
 .debug_line    0x00000000      0x440 ..\obj\stm32f0xx_flash.o
 .debug_str     0x00000000      0x526 ..\obj\stm32f0xx_flash.o
 .comment       0x00000000       0x71 ..\obj\stm32f0xx_flash.o
 .ARM.attributes
                0x00000000       0x31 ..\obj\stm32f0xx_flash.o
 .debug_frame   0x00000000      0x394 ..\obj\stm32f0xx_flash.o
 .text          0x00000000        0x0 ..\obj\stm32f0xx_exti.o
 .data          0x00000000        0x0 ..\obj\stm32f0xx_exti.o
 .bss           0x00000000        0x0 ..\obj\stm32f0xx_exti.o
 .text.EXTI_DeInit
                0x00000000       0x34 ..\obj\stm32f0xx_exti.o
 .text.EXTI_StructInit
                0x00000000       0x28 ..\obj\stm32f0xx_exti.o
 .text.EXTI_GenerateSWInterrupt
                0x00000000       0x20 ..\obj\stm32f0xx_exti.o
 .text.EXTI_GetFlagStatus
                0x00000000       0x40 ..\obj\stm32f0xx_exti.o
 .text.EXTI_ClearFlag
                0x00000000       0x18 ..\obj\stm32f0xx_exti.o
 .text          0x00000000        0x0 ..\obj\stm32f0xx_syscfg.o
 .data          0x00000000        0x0 ..\obj\stm32f0xx_syscfg.o
 .bss           0x00000000        0x0 ..\obj\stm32f0xx_syscfg.o
 .text.SYSCFG_DeInit
                0x00000000       0x40 ..\obj\stm32f0xx_syscfg.o
 .text.SYSCFG_MemoryRemapConfig
                0x00000000       0x34 ..\obj\stm32f0xx_syscfg.o
 .text.SYSCFG_DMAChannelRemapConfig
                0x00000000       0x3c ..\obj\stm32f0xx_syscfg.o
 .text.SYSCFG_I2CFastModePlusConfig
                0x00000000       0x3c ..\obj\stm32f0xx_syscfg.o
 .text.SYSCFG_BreakConfig
                0x00000000       0x20 ..\obj\stm32f0xx_syscfg.o
 .text.SYSCFG_GetFlagStatus
                0x00000000       0x40 ..\obj\stm32f0xx_syscfg.o
 .text.SYSCFG_ClearFlag
                0x00000000       0x20 ..\obj\stm32f0xx_syscfg.o
 .text          0x00000000        0x0 ..\obj\stm32f0xx_pwr.o
 .data          0x00000000        0x0 ..\obj\stm32f0xx_pwr.o
 .bss           0x00000000        0x0 ..\obj\stm32f0xx_pwr.o
 .text.__WFI    0x00000000        0xc ..\obj\stm32f0xx_pwr.o
 .text.__WFE    0x00000000        0xc ..\obj\stm32f0xx_pwr.o
 .text.PWR_DeInit
                0x00000000       0x20 ..\obj\stm32f0xx_pwr.o
 .text.PWR_BackupAccessCmd
                0x00000000       0x40 ..\obj\stm32f0xx_pwr.o
 .text.PWR_PVDLevelConfig
                0x00000000       0x34 ..\obj\stm32f0xx_pwr.o
 .text.PWR_PVDCmd
                0x00000000       0x38 ..\obj\stm32f0xx_pwr.o
 .text.PWR_WakeUpPinCmd
                0x00000000       0x3c ..\obj\stm32f0xx_pwr.o
 .text.PWR_EnterSleepMode
                0x00000000       0x34 ..\obj\stm32f0xx_pwr.o
 .text.PWR_EnterSTOPMode
                0x00000000       0x68 ..\obj\stm32f0xx_pwr.o
 .text.PWR_EnterSTANDBYMode
                0x00000000       0x38 ..\obj\stm32f0xx_pwr.o
 .text.PWR_GetFlagStatus
                0x00000000       0x40 ..\obj\stm32f0xx_pwr.o
 .text.PWR_ClearFlag
                0x00000000       0x20 ..\obj\stm32f0xx_pwr.o
 .debug_info    0x00000000      0x3c4 ..\obj\stm32f0xx_pwr.o
 .debug_abbrev  0x00000000      0x1b2 ..\obj\stm32f0xx_pwr.o
 .debug_loc     0x00000000      0x270 ..\obj\stm32f0xx_pwr.o
 .debug_aranges
                0x00000000       0x78 ..\obj\stm32f0xx_pwr.o
 .debug_ranges  0x00000000       0x68 ..\obj\stm32f0xx_pwr.o
 .debug_line    0x00000000      0x276 ..\obj\stm32f0xx_pwr.o
 .debug_str     0x00000000      0x2d1 ..\obj\stm32f0xx_pwr.o
 .comment       0x00000000       0x71 ..\obj\stm32f0xx_pwr.o
 .ARM.attributes
                0x00000000       0x31 ..\obj\stm32f0xx_pwr.o
 .debug_frame   0x00000000      0x180 ..\obj\stm32f0xx_pwr.o
 .text          0x00000000        0x0 ..\obj\stm32f0xx_misc.o
 .data          0x00000000        0x0 ..\obj\stm32f0xx_misc.o
 .bss           0x00000000        0x0 ..\obj\stm32f0xx_misc.o
 .text.NVIC_SystemLPConfig
                0x00000000       0x44 ..\obj\stm32f0xx_misc.o
 .text.SysTick_CLKSourceConfig
                0x00000000       0x34 ..\obj\stm32f0xx_misc.o
 .text          0x00000000        0x0 ..\obj\core_cm0.o
 .data          0x00000000        0x0 ..\obj\core_cm0.o
 .bss           0x00000000        0x0 ..\obj\core_cm0.o
 .text.__get_PSP
                0x00000000       0x10 ..\obj\core_cm0.o
 .text.__set_PSP
                0x00000000        0x8 ..\obj\core_cm0.o
 .text.__get_MSP
                0x00000000       0x10 ..\obj\core_cm0.o
 .text.__set_MSP
                0x00000000        0x8 ..\obj\core_cm0.o
 .text.__get_PRIMASK
                0x00000000       0x1c ..\obj\core_cm0.o
 .text.__set_PRIMASK
                0x00000000       0x14 ..\obj\core_cm0.o
 .text.__get_CONTROL
                0x00000000       0x1c ..\obj\core_cm0.o
 .text.__set_CONTROL
                0x00000000       0x14 ..\obj\core_cm0.o
 .text.__REV    0x00000000       0x1c ..\obj\core_cm0.o
 .text.__REV16  0x00000000       0x24 ..\obj\core_cm0.o
 .text.__REVSH  0x00000000       0x24 ..\obj\core_cm0.o
 .debug_info    0x00000000      0x2ae ..\obj\core_cm0.o
 .debug_abbrev  0x00000000       0xdb ..\obj\core_cm0.o
 .debug_loc     0x00000000      0x188 ..\obj\core_cm0.o
 .debug_aranges
                0x00000000       0x70 ..\obj\core_cm0.o
 .debug_ranges  0x00000000       0x60 ..\obj\core_cm0.o
 .debug_line    0x00000000      0x1bb ..\obj\core_cm0.o
 .debug_str     0x00000000      0x1df ..\obj\core_cm0.o
 .comment       0x00000000       0x71 ..\obj\core_cm0.o
 .ARM.attributes
                0x00000000       0x31 ..\obj\core_cm0.o
 .debug_frame   0x00000000      0x130 ..\obj\core_cm0.o
 .text          0x00000000       0x9c c:/program files/gnu tools arm embedded/4.7 2013q2/bin/../lib/gcc/arm-none-eabi/4.7.4/armv6-m\libgcc.a(_udivsi3.o)
 .data          0x00000000        0x0 c:/program files/gnu tools arm embedded/4.7 2013q2/bin/../lib/gcc/arm-none-eabi/4.7.4/armv6-m\libgcc.a(_udivsi3.o)
 .bss           0x00000000        0x0 c:/program files/gnu tools arm embedded/4.7 2013q2/bin/../lib/gcc/arm-none-eabi/4.7.4/armv6-m\libgcc.a(_udivsi3.o)
 .debug_frame   0x00000000       0x20 c:/program files/gnu tools arm embedded/4.7 2013q2/bin/../lib/gcc/arm-none-eabi/4.7.4/armv6-m\libgcc.a(_udivsi3.o)
 .ARM.attributes
                0x00000000       0x1e c:/program files/gnu tools arm embedded/4.7 2013q2/bin/../lib/gcc/arm-none-eabi/4.7.4/armv6-m\libgcc.a(_udivsi3.o)
 .text          0x00000000        0x4 c:/program files/gnu tools arm embedded/4.7 2013q2/bin/../lib/gcc/arm-none-eabi/4.7.4/armv6-m\libgcc.a(_dvmd_tls.o)
 .data          0x00000000        0x0 c:/program files/gnu tools arm embedded/4.7 2013q2/bin/../lib/gcc/arm-none-eabi/4.7.4/armv6-m\libgcc.a(_dvmd_tls.o)
 .bss           0x00000000        0x0 c:/program files/gnu tools arm embedded/4.7 2013q2/bin/../lib/gcc/arm-none-eabi/4.7.4/armv6-m\libgcc.a(_dvmd_tls.o)
 .ARM.attributes
                0x00000000       0x1e c:/program files/gnu tools arm embedded/4.7 2013q2/bin/../lib/gcc/arm-none-eabi/4.7.4/armv6-m\libgcc.a(_dvmd_tls.o)
 .text          0x00000000        0x0 c:/program files/gnu tools arm embedded/4.7 2013q2/bin/../lib/gcc/arm-none-eabi/4.7.4/../../../../arm-none-eabi/lib/armv6-m\libg.a(lib_a-strcpy.o)
 .data          0x00000000        0x0 c:/program files/gnu tools arm embedded/4.7 2013q2/bin/../lib/gcc/arm-none-eabi/4.7.4/../../../../arm-none-eabi/lib/armv6-m\libg.a(lib_a-strcpy.o)
 .bss           0x00000000        0x0 c:/program files/gnu tools arm embedded/4.7 2013q2/bin/../lib/gcc/arm-none-eabi/4.7.4/../../../../arm-none-eabi/lib/armv6-m\libg.a(lib_a-strcpy.o)
 .text.strcpy   0x00000000       0x10 c:/program files/gnu tools arm embedded/4.7 2013q2/bin/../lib/gcc/arm-none-eabi/4.7.4/../../../../arm-none-eabi/lib/armv6-m\libg.a(lib_a-strcpy.o)
 .ARM.attributes
                0x00000000       0x2c c:/program files/gnu tools arm embedded/4.7 2013q2/bin/../lib/gcc/arm-none-eabi/4.7.4/../../../../arm-none-eabi/lib/armv6-m\libg.a(lib_a-strcpy.o)
 .debug_frame   0x00000000       0x20 c:/program files/gnu tools arm embedded/4.7 2013q2/bin/../lib/gcc/arm-none-eabi/4.7.4/../../../../arm-none-eabi/lib/armv6-m\libg.a(lib_a-strcpy.o)
 .text          0x00000000        0x0 c:/program files/gnu tools arm embedded/4.7 2013q2/bin/../lib/gcc/arm-none-eabi/4.7.4/../../../../arm-none-eabi/lib/armv6-m\libg.a(lib_a-strncmp.o)
 .data          0x00000000        0x0 c:/program files/gnu tools arm embedded/4.7 2013q2/bin/../lib/gcc/arm-none-eabi/4.7.4/../../../../arm-none-eabi/lib/armv6-m\libg.a(lib_a-strncmp.o)
 .bss           0x00000000        0x0 c:/program files/gnu tools arm embedded/4.7 2013q2/bin/../lib/gcc/arm-none-eabi/4.7.4/../../../../arm-none-eabi/lib/armv6-m\libg.a(lib_a-strncmp.o)

Memory Configuration

Name             Origin             Length             Attributes
rom              0x08000000         0x00010000         xr
ram              0x20000000         0x00002000         xrw
*default*        0x00000000         0xffffffff

Linker script and memory map

                0x20002000                _eram = 0x20002000

.text           0x08000000     0x1234
 *(.isr_vector .isr_vector.*)
 .isr_vector    0x08000000       0xc4 ..\obj\startup_stm32f0xx.o
                0x08000000                g_pfnVectors
 *(.text .text.* .gnu.linkonce.t.*)
 .text.delay_ms
                0x080000c4       0x2c ..\obj\cc2500.o
                0x080000c4                delay_ms
 .text.Read     0x080000f0       0x84 ..\obj\cc2500.o
                0x080000f0                Read
 .text.WriteReg
                0x08000174       0x7c ..\obj\cc2500.o
                0x08000174                WriteReg
 .text.SendStrobe
                0x080001f0       0x60 ..\obj\cc2500.o
                0x080001f0                SendStrobe
 .text.cc2500_mode
                0x08000250       0x30 ..\obj\cc2500.o
                0x08000250                cc2500_mode
 .text.RxData   0x08000280      0x11c ..\obj\cc2500.o
                0x08000280                RxData
 .text.init_CC2500
                0x0800039c      0x178 ..\obj\cc2500.o
                0x0800039c                init_CC2500
 .text.Read_Config_Regs
                0x08000514       0x48 ..\obj\cc2500.o
                0x08000514                Read_Config_Regs
 .text.setup    0x0800055c       0x30 ..\obj\cc2500.o
                0x0800055c                setup
 .text.RCC_AHBPeriphClockCmd
                0x0800058c       0x3c ..\obj\stm32f0xx_rcc.o
                0x0800058c                RCC_AHBPeriphClockCmd
 .text.RCC_APB2PeriphClockCmd
                0x080005c8       0x3c ..\obj\stm32f0xx_rcc.o
                0x080005c8                RCC_APB2PeriphClockCmd
 .text.RCC_APB2PeriphResetCmd
                0x08000604       0x3c ..\obj\stm32f0xx_rcc.o
                0x08000604                RCC_APB2PeriphResetCmd
 .text.RCC_APB1PeriphResetCmd
                0x08000640       0x3c ..\obj\stm32f0xx_rcc.o
                0x08000640                RCC_APB1PeriphResetCmd
 .text.Reset_Handler
                0x0800067c       0x44 ..\obj\startup_stm32f0xx.o
                0x0800067c                Reset_Handler
 .text.Default_Handler
                0x080006c0        0x2 ..\obj\startup_stm32f0xx.o
                0x080006c0                TIM1_CC_IRQHandler
                0x080006c0                HardFault_Handler
                0x080006c0                ADC1_COMP_IRQHandler
                0x080006c0                SysTick_Handler
                0x080006c0                PVD_IRQHandler
                0x080006c0                PendSV_Handler
                0x080006c0                NMI_Handler
                0x080006c0                I2C1_IRQHandler
                0x080006c0                SPI1_IRQHandler
                0x080006c0                TIM6_DAC_IRQHandler
                0x080006c0                EXTI2_3_IRQHandler
                0x080006c0                I2C2_IRQHandler
                0x080006c0                TIM17_IRQHandler
                0x080006c0                RTC_IRQHandler
                0x080006c0                TIM16_IRQHandler
                0x080006c0                TIM3_IRQHandler
                0x080006c0                EXTI4_15_IRQHandler
                0x080006c0                RCC_IRQHandler
                0x080006c0                DMA1_Channel1_IRQHandler
                0x080006c0                Default_Handler
                0x080006c0                CEC_IRQHandler
                0x080006c0                TIM14_IRQHandler
                0x080006c0                DMA1_Channel4_5_IRQHandler
                0x080006c0                TIM15_IRQHandler
                0x080006c0                SPI2_IRQHandler
                0x080006c0                SVC_Handler
                0x080006c0                TS_IRQHandler
                0x080006c0                WWDG_IRQHandler
                0x080006c0                TIM2_IRQHandler
                0x080006c0                DMA1_Channel2_3_IRQHandler
                0x080006c0                USART2_IRQHandler
                0x080006c0                FLASH_IRQHandler
                0x080006c0                USART1_IRQHandler
                0x080006c0                TIM1_BRK_UP_TRG_COM_IRQHandler
 *fill*         0x080006c2        0x2 00
 .text.SPI_I2S_DeInit
                0x080006c4       0x58 ..\obj\stm32f0xx_spi.o
                0x080006c4                SPI_I2S_DeInit
 .text.SPI_Init
                0x0800071c      0x104 ..\obj\stm32f0xx_spi.o
                0x0800071c                SPI_Init
 .text.SPI_Cmd  0x08000820       0x40 ..\obj\stm32f0xx_spi.o
                0x08000820                SPI_Cmd
 .text.SPI_SendData8
                0x08000860       0x2c ..\obj\stm32f0xx_spi.o
                0x08000860                SPI_SendData8
 .text.SPI_ReceiveData8
                0x0800088c       0x24 ..\obj\stm32f0xx_spi.o
                0x0800088c                SPI_ReceiveData8
 .text.GPIO_Init
                0x080008b0      0x138 ..\obj\stm32f0xx_gpio.o
                0x080008b0                GPIO_Init
 .text.GPIO_PinAFConfig
                0x080009e8       0x9c ..\obj\stm32f0xx_gpio.o
                0x080009e8                GPIO_PinAFConfig
 .text.main     0x08000a84       0x64 ..\obj\smart_home.o
                0x08000a84                main
 .text.spi_init
                0x08000ae8      0x200 ..\obj\smart_home.o
                0x08000ae8                spi_init
 .text.EXTI0_1_IRQHandler
                0x08000ce8       0x24 ..\obj\smart_home.o
                0x08000ce8                EXTI0_1_IRQHandler
 .text.SystemInit
                0x08000d0c       0x8c ..\obj\system_stm32f0xx.o
                0x08000d0c                SystemInit
 .text.SetSysClock
                0x08000d98       0xe0 ..\obj\system_stm32f0xx.o
 .text.EXTI_Init
                0x08000e78       0xd8 ..\obj\stm32f0xx_exti.o
                0x08000e78                EXTI_Init
 .text.EXTI_GetITStatus
                0x08000f50       0x54 ..\obj\stm32f0xx_exti.o
                0x08000f50                EXTI_GetITStatus
 .text.EXTI_ClearITPendingBit
                0x08000fa4       0x18 ..\obj\stm32f0xx_exti.o
                0x08000fa4                EXTI_ClearITPendingBit
 .text.SYSCFG_EXTILineConfig
                0x08000fbc       0x90 ..\obj\stm32f0xx_syscfg.o
                0x08000fbc                SYSCFG_EXTILineConfig
 .text.NVIC_Init
                0x0800104c       0xac ..\obj\stm32f0xx_misc.o
                0x0800104c                NVIC_Init
 .text.strncmp  0x080010f8      0x120 c:/program files/gnu tools arm embedded/4.7 2013q2/bin/../lib/gcc/arm-none-eabi/4.7.4/../../../../arm-none-eabi/lib/armv6-m\libg.a(lib_a-strncmp.o)
                0x080010f8                strncmp
 *(.glue_7t)
 .glue_7t       0x00000000        0x0 linker stubs
 *(.glue_7)
 .glue_7        0x00000000        0x0 linker stubs
 *(.rodata .rodata* .gnu.linkonce.r.*)
 .rodata        0x08001218       0x1c ..\obj\cc2500.o

.vfp11_veneer   0x08001234        0x0
 .vfp11_veneer  0x00000000        0x0 linker stubs

.v4_bx          0x08001234        0x0
 .v4_bx         0x00000000        0x0 linker stubs

.iplt           0x08001234        0x0
 .iplt          0x00000000        0x0 ..\obj\cc2500.o

.rel.dyn        0x08001234        0x0
 .rel.iplt      0x00000000        0x0 ..\obj\cc2500.o

.ARM.extab
 *(.ARM.extab* .gnu.linkonce.armextab.*)
                0x08001234                __exidx_start = .

.ARM.exidx
 *(.ARM.exidx* .gnu.linkonce.armexidx.*)
                0x08001234                __exidx_end = .
                0x08001234                . = ALIGN (0x4)
                0x08001234                _etext = .
                0x08001234                _sidata = .

.data           0x20000000        0x8 load address 0x08001234
                0x20000000                _sdata = .
 *(.data .data.*)
 .data          0x20000000        0x8 ..\obj\cc2500.o
                0x20000000                tx_id
                0x20000004                rx_id
                0x20000008                . = ALIGN (0x4)
                0x20000008                _edata = .

.igot.plt       0x20000008        0x0 load address 0x0800123c
 .igot.plt      0x00000000        0x0 ..\obj\cc2500.o

.bss            0x20000008       0x68 load address 0x0800123c
                0x20000008                _sbss = .
 *(.bss .bss.*)
 *(COMMON)
 COMMON         0x20000008       0x68 ..\obj\cc2500.o
                0x20000008                take_action
                0x20000009                request_received
                0x2000000c                response_aray
                0x20000070                . = ALIGN (0x4)
                0x20000070                _ebss = .

.co_stack       0x20000070        0x0
                0x20000070                . = ALIGN (0x8)
 *(.co_stack .co_stack.*)
                0x20000070                . = ALIGN (0x4)
                0x20000070                _end = .
LOAD ..\obj\cc2500.o
LOAD ..\obj\stm32f0xx_rcc.o
LOAD ..\obj\startup_stm32f0xx.o
LOAD ..\obj\stm32f0xx_spi.o
LOAD ..\obj\stm32f0xx_gpio.o
LOAD ..\obj\smart_home.o
LOAD ..\obj\stm32f0xx_tim.o
LOAD ..\obj\system_stm32f0xx.o
LOAD ..\obj\stm32f0xx_flash.o
LOAD ..\obj\stm32f0xx_exti.o
LOAD ..\obj\stm32f0xx_syscfg.o
LOAD ..\obj\stm32f0xx_pwr.o
LOAD ..\obj\stm32f0xx_misc.o
LOAD ..\obj\core_cm0.o
START GROUP
LOAD c:/program files/gnu tools arm embedded/4.7 2013q2/bin/../lib/gcc/arm-none-eabi/4.7.4/armv6-m\libgcc.a
LOAD c:/program files/gnu tools arm embedded/4.7 2013q2/bin/../lib/gcc/arm-none-eabi/4.7.4/../../../../arm-none-eabi/lib/armv6-m\libg.a
LOAD c:/program files/gnu tools arm embedded/4.7 2013q2/bin/../lib/gcc/arm-none-eabi/4.7.4/../../../../arm-none-eabi/lib/armv6-m\libc.a
END GROUP
OUTPUT(smart home.elf elf32-littlearm)

.debug_info     0x00000000     0x35f6
 .debug_info    0x00000000      0x5b3 ..\obj\cc2500.o
 .debug_info    0x000005b3      0xa63 ..\obj\stm32f0xx_rcc.o
 .debug_info    0x00001016       0xb2 ..\obj\startup_stm32f0xx.o
 .debug_info    0x000010c8      0xb56 ..\obj\stm32f0xx_spi.o
 .debug_info    0x00001c1e      0x618 ..\obj\stm32f0xx_gpio.o
 .debug_info    0x00002236      0x70a ..\obj\smart_home.o
 .debug_info    0x00002940      0x30f ..\obj\system_stm32f0xx.o
 .debug_info    0x00002c4f      0x34c ..\obj\stm32f0xx_exti.o
 .debug_info    0x00002f9b      0x2c0 ..\obj\stm32f0xx_syscfg.o
 .debug_info    0x0000325b      0x39b ..\obj\stm32f0xx_misc.o

.debug_abbrev   0x00000000      0xd3e
 .debug_abbrev  0x00000000      0x1a4 ..\obj\cc2500.o
 .debug_abbrev  0x000001a4      0x1ee ..\obj\stm32f0xx_rcc.o
 .debug_abbrev  0x00000392       0x12 ..\obj\startup_stm32f0xx.o
 .debug_abbrev  0x000003a4      0x1a3 ..\obj\stm32f0xx_spi.o
 .debug_abbrev  0x00000547      0x190 ..\obj\stm32f0xx_gpio.o
 .debug_abbrev  0x000006d7      0x172 ..\obj\smart_home.o
 .debug_abbrev  0x00000849      0x136 ..\obj\system_stm32f0xx.o
 .debug_abbrev  0x0000097f      0x187 ..\obj\stm32f0xx_exti.o
 .debug_abbrev  0x00000b06      0x13a ..\obj\stm32f0xx_syscfg.o
 .debug_abbrev  0x00000c40       0xfe ..\obj\stm32f0xx_misc.o

.debug_loc      0x00000000     0x195a
 .debug_loc     0x00000000      0x218 ..\obj\cc2500.o
 .debug_loc     0x00000218      0x864 ..\obj\stm32f0xx_rcc.o
 .debug_loc     0x00000a7c      0x6ca ..\obj\stm32f0xx_spi.o
 .debug_loc     0x00001146      0x2d8 ..\obj\stm32f0xx_gpio.o
 .debug_loc     0x0000141e       0x90 ..\obj\smart_home.o
 .debug_loc     0x000014ae       0x9c ..\obj\system_stm32f0xx.o
 .debug_loc     0x0000154a      0x1b4 ..\obj\stm32f0xx_exti.o
 .debug_loc     0x000016fe      0x1b4 ..\obj\stm32f0xx_syscfg.o
 .debug_loc     0x000018b2       0xa8 ..\obj\stm32f0xx_misc.o

.debug_aranges  0x00000000      0x4b0
 .debug_aranges
                0x00000000       0x68 ..\obj\cc2500.o
 .debug_aranges
                0x00000068      0x150 ..\obj\stm32f0xx_rcc.o
 .debug_aranges
                0x000001b8       0x28 ..\obj\startup_stm32f0xx.o
 .debug_aranges
                0x000001e0      0x110 ..\obj\stm32f0xx_spi.o
 .debug_aranges
                0x000002f0       0x80 ..\obj\stm32f0xx_gpio.o
 .debug_aranges
                0x00000370       0x30 ..\obj\smart_home.o
 .debug_aranges
                0x000003a0       0x30 ..\obj\system_stm32f0xx.o
 .debug_aranges
                0x000003d0       0x58 ..\obj\stm32f0xx_exti.o
 .debug_aranges
                0x00000428       0x58 ..\obj\stm32f0xx_syscfg.o
 .debug_aranges
                0x00000480       0x30 ..\obj\stm32f0xx_misc.o

.debug_ranges   0x00000000      0x418
 .debug_ranges  0x00000000       0x58 ..\obj\cc2500.o
 .debug_ranges  0x00000058      0x140 ..\obj\stm32f0xx_rcc.o
 .debug_ranges  0x00000198       0x20 ..\obj\startup_stm32f0xx.o
 .debug_ranges  0x000001b8      0x100 ..\obj\stm32f0xx_spi.o
 .debug_ranges  0x000002b8       0x70 ..\obj\stm32f0xx_gpio.o
 .debug_ranges  0x00000328       0x20 ..\obj\smart_home.o
 .debug_ranges  0x00000348       0x20 ..\obj\system_stm32f0xx.o
 .debug_ranges  0x00000368       0x48 ..\obj\stm32f0xx_exti.o
 .debug_ranges  0x000003b0       0x48 ..\obj\stm32f0xx_syscfg.o
 .debug_ranges  0x000003f8       0x20 ..\obj\stm32f0xx_misc.o

.debug_line     0x00000000     0x18d0
 .debug_line    0x00000000      0x2c5 ..\obj\cc2500.o
 .debug_line    0x000002c5      0x4cf ..\obj\stm32f0xx_rcc.o
 .debug_line    0x00000794       0xae ..\obj\startup_stm32f0xx.o
 .debug_line    0x00000842      0x446 ..\obj\stm32f0xx_spi.o
 .debug_line    0x00000c88      0x2aa ..\obj\stm32f0xx_gpio.o
 .debug_line    0x00000f32      0x229 ..\obj\smart_home.o
 .debug_line    0x0000115b      0x178 ..\obj\system_stm32f0xx.o
 .debug_line    0x000012d3      0x22e ..\obj\stm32f0xx_exti.o
 .debug_line    0x00001501      0x1d5 ..\obj\stm32f0xx_syscfg.o
 .debug_line    0x000016d6      0x1fa ..\obj\stm32f0xx_misc.o

.debug_str      0x00000000     0x170c
 .debug_str     0x00000000      0x2ac ..\obj\cc2500.o
                                0x2f1 (size before relaxing)
 .debug_str     0x000002ac      0x594 ..\obj\stm32f0xx_rcc.o
                                0x6cc (size before relaxing)
 .debug_str     0x00000840      0x441 ..\obj\stm32f0xx_spi.o
                                0x6a5 (size before relaxing)
 .debug_str     0x00000c81      0x2ca ..\obj\stm32f0xx_gpio.o
                                0x433 (size before relaxing)
 .debug_str     0x00000f4b      0x369 ..\obj\smart_home.o
                                0x737 (size before relaxing)
 .debug_str     0x000012b4       0xa8 ..\obj\system_stm32f0xx.o
                                0x23d (size before relaxing)
 .debug_str     0x0000135c       0xfc ..\obj\stm32f0xx_exti.o
                                0x2f8 (size before relaxing)
 .debug_str     0x00001458      0x194 ..\obj\stm32f0xx_syscfg.o
                                0x2cd (size before relaxing)
 .debug_str     0x000015ec      0x120 ..\obj\stm32f0xx_misc.o
                                0x2ad (size before relaxing)

.comment        0x00000000       0x70
 .comment       0x00000000       0x70 ..\obj\cc2500.o
                                 0x71 (size before relaxing)
 .comment       0x00000000       0x71 ..\obj\stm32f0xx_rcc.o
 .comment       0x00000000       0x71 ..\obj\stm32f0xx_spi.o
 .comment       0x00000000       0x71 ..\obj\stm32f0xx_gpio.o
 .comment       0x00000000       0x71 ..\obj\smart_home.o
 .comment       0x00000000       0x71 ..\obj\system_stm32f0xx.o
 .comment       0x00000000       0x71 ..\obj\stm32f0xx_exti.o
 .comment       0x00000000       0x71 ..\obj\stm32f0xx_syscfg.o
 .comment       0x00000000       0x71 ..\obj\stm32f0xx_misc.o

.ARM.attributes
                0x00000000       0x2f
 .ARM.attributes
                0x00000000       0x31 ..\obj\cc2500.o
 .ARM.attributes
                0x00000031       0x31 ..\obj\stm32f0xx_rcc.o
 .ARM.attributes
                0x00000062       0x21 ..\obj\startup_stm32f0xx.o
 .ARM.attributes
                0x00000083       0x31 ..\obj\stm32f0xx_spi.o
 .ARM.attributes
                0x000000b4       0x31 ..\obj\stm32f0xx_gpio.o
 .ARM.attributes
                0x000000e5       0x31 ..\obj\smart_home.o
 .ARM.attributes
                0x00000116       0x31 ..\obj\system_stm32f0xx.o
 .ARM.attributes
                0x00000147       0x31 ..\obj\stm32f0xx_exti.o
 .ARM.attributes
                0x00000178       0x31 ..\obj\stm32f0xx_syscfg.o
 .ARM.attributes
                0x000001a9       0x31 ..\obj\stm32f0xx_misc.o
 .ARM.attributes
                0x000001da       0x2c c:/program files/gnu tools arm embedded/4.7 2013q2/bin/../lib/gcc/arm-none-eabi/4.7.4/../../../../arm-none-eabi/lib/armv6-m\libg.a(lib_a-strncmp.o)

.debug_frame    0x00000000      0xf5c
 .debug_frame   0x00000000      0x148 ..\obj\cc2500.o
 .debug_frame   0x00000148      0x4e4 ..\obj\stm32f0xx_rcc.o
 .debug_frame   0x0000062c      0x3f0 ..\obj\stm32f0xx_spi.o
 .debug_frame   0x00000a1c      0x1b0 ..\obj\stm32f0xx_gpio.o
 .debug_frame   0x00000bcc       0x68 ..\obj\smart_home.o
 .debug_frame   0x00000c34       0x6c ..\obj\system_stm32f0xx.o
 .debug_frame   0x00000ca0      0x10c ..\obj\stm32f0xx_exti.o
 .debug_frame   0x00000dac      0x110 ..\obj\stm32f0xx_syscfg.o
 .debug_frame   0x00000ebc       0x70 ..\obj\stm32f0xx_misc.o
 .debug_frame   0x00000f2c       0x30 c:/program files/gnu tools arm embedded/4.7 2013q2/bin/../lib/gcc/arm-none-eabi/4.7.4/../../../../arm-none-eabi/lib/armv6-m\libg.a(lib_a-strncmp.o)
